{
  "version": "1.5.0",
  "plugins_used": [
    {
      "name": "ArtifactoryDetector"
    },
    {
      "name": "AWSKeyDetector"
    },
    {
      "name": "AzureStorageKeyDetector"
    },
    {
      "name": "Base64HighEntropyString",
      "limit": 4.5
    },
    {
      "name": "BasicAuthDetector"
    },
    {
      "name": "CloudantDetector"
    },
    {
      "name": "DiscordBotTokenDetector"
    },
    {
      "name": "GitHubTokenDetector"
    },
    {
      "name": "GitLabTokenDetector"
    },
    {
      "name": "HexHighEntropyString",
      "limit": 3.0
    },
    {
      "name": "IbmCloudIamDetector"
    },
    {
      "name": "IbmCosHmacDetector"
    },
    {
      "name": "IPPublicDetector"
    },
    {
      "name": "JwtTokenDetector"
    },
    {
      "name": "KeywordDetector",
      "keyword_exclude": ""
    },
    {
      "name": "MailchimpDetector"
    },
    {
      "name": "NpmDetector"
    },
    {
      "name": "OpenAIDetector"
    },
    {
      "name": "PrivateKeyDetector"
    },
    {
      "name": "PypiTokenDetector"
    },
    {
      "name": "SendGridDetector"
    },
    {
      "name": "SlackDetector"
    },
    {
      "name": "SoftlayerDetector"
    },
    {
      "name": "SquareOAuthDetector"
    },
    {
      "name": "StripeDetector"
    },
    {
      "name": "TelegramBotTokenDetector"
    },
    {
      "name": "TwilioKeyDetector"
    }
  ],
  "filters_used": [
    {
      "path": "detect_secrets.filters.allowlist.is_line_allowlisted"
    },
    {
      "path": "detect_secrets.filters.common.is_baseline_file",
      "filename": ".secrets.baseline"
    },
    {
      "path": "detect_secrets.filters.common.is_ignored_due_to_verification_policies",
      "min_level": 2
    },
    {
      "path": "detect_secrets.filters.heuristic.is_indirect_reference"
    },
    {
      "path": "detect_secrets.filters.heuristic.is_likely_id_string"
    },
    {
      "path": "detect_secrets.filters.heuristic.is_lock_file"
    },
    {
      "path": "detect_secrets.filters.heuristic.is_potential_uuid"
    },
    {
      "path": "detect_secrets.filters.heuristic.is_prefixed_with_dollar_sign"
    },
    {
      "path": "detect_secrets.filters.heuristic.is_sequential_string"
    },
    {
      "path": "detect_secrets.filters.heuristic.is_swagger_file"
    },
    {
      "path": "detect_secrets.filters.heuristic.is_templated_secret"
    },
    {
      "path": "detect_secrets.filters.regex.should_exclude_file",
      "pattern": [
        "^tests/fixtures/calibration/"
      ]
    }
  ],
  "results": {
    "development/PAT_RECIPES.md": [
      {
        "type": "Base64 High Entropy String",
        "filename": "development/PAT_RECIPES.md",
        "hashed_secret": "8b904fc397bdc0bbd7ab092dac48a14a784d79ad",
        "is_verified": false,
        "line_number": 68
      },
      {
        "type": "Secret Keyword",
        "filename": "development/PAT_RECIPES.md",
        "hashed_secret": "8b904fc397bdc0bbd7ab092dac48a14a784d79ad",
        "is_verified": false,
        "line_number": 68
      }
    ],
    "eyenet/classifier/sandbox/_canary.py": [
      {
        "type": "Public IP (ipv4)",
        "filename": "eyenet/classifier/sandbox/_canary.py",
        "hashed_secret": "409629a08b9b3f3be610b8832cc28822f964410f",
        "is_verified": false,
        "line_number": 57
      }
    ],
    "tests/integration/api/test_auth_flow.py": [
      {
        "type": "Secret Keyword",
        "filename": "tests/integration/api/test_auth_flow.py",
        "hashed_secret": "9231c949e955ef28b8dc9a161904bfee625e4f1d",
        "is_verified": false,
        "line_number": 42
      }
    ],
    "tests/integration/api/test_cases_crud.py": [
      {
        "type": "Secret Keyword",
        "filename": "tests/integration/api/test_cases_crud.py",
        "hashed_secret": "1a91d62f7ca67399625a4368a6ab5d4a3baa6073",
        "is_verified": false,
        "line_number": 34
      }
    ],
    "tests/integration/api/test_evidence_access_middleware.py": [
      {
        "type": "Secret Keyword",
        "filename": "tests/integration/api/test_evidence_access_middleware.py",
        "hashed_secret": "1a91d62f7ca67399625a4368a6ab5d4a3baa6073",
        "is_verified": false,
        "line_number": 71
      }
    ],
    "tests/integration/api/test_mfa_flow.py": [
      {
        "type": "Secret Keyword",
        "filename": "tests/integration/api/test_mfa_flow.py",
        "hashed_secret": "b57fa0798cf182195d00866158f0f022ad324741",
        "is_verified": false,
        "line_number": 17
      },
      {
        "type": "Secret Keyword",
        "filename": "tests/integration/api/test_mfa_flow.py",
        "hashed_secret": "9231c949e955ef28b8dc9a161904bfee625e4f1d",
        "is_verified": false,
        "line_number": 103
      },
      {
        "type": "Secret Keyword",
        "filename": "tests/integration/api/test_mfa_flow.py",
        "hashed_secret": "a4b48a81cdab1e1a5dd37907d6c85ca1c61ddc7c",
        "is_verified": false,
        "line_number": 242
      }
    ],
    "tests/integration/api/test_pat_flow.py": [
      {
        "type": "Secret Keyword",
        "filename": "tests/integration/api/test_pat_flow.py",
        "hashed_secret": "9231c949e955ef28b8dc9a161904bfee625e4f1d",
        "is_verified": false,
        "line_number": 38
      },
      {
        "type": "Secret Keyword",
        "filename": "tests/integration/api/test_pat_flow.py",
        "hashed_secret": "f060bea07ee2191b9e1a11a502bbb09b6da46cc5",
        "is_verified": false,
        "line_number": 86
      }
    ],
    "tests/integration/api/test_read_actors_personas.py": [
      {
        "type": "Secret Keyword",
        "filename": "tests/integration/api/test_read_actors_personas.py",
        "hashed_secret": "1a91d62f7ca67399625a4368a6ab5d4a3baa6073",
        "is_verified": false,
        "line_number": 57
      }
    ],
    "tests/integration/api/test_read_audit.py": [
      {
        "type": "Secret Keyword",
        "filename": "tests/integration/api/test_read_audit.py",
        "hashed_secret": "1a91d62f7ca67399625a4368a6ab5d4a3baa6073",
        "is_verified": false,
        "line_number": 58
      }
    ],
    "tests/integration/api/test_read_graph.py": [
      {
        "type": "Secret Keyword",
        "filename": "tests/integration/api/test_read_graph.py",
        "hashed_secret": "1a91d62f7ca67399625a4368a6ab5d4a3baa6073",
        "is_verified": false,
        "line_number": 46
      }
    ],
    "tests/integration/api/test_read_linkages.py": [
      {
        "type": "Secret Keyword",
        "filename": "tests/integration/api/test_read_linkages.py",
        "hashed_secret": "1a91d62f7ca67399625a4368a6ab5d4a3baa6073",
        "is_verified": false,
        "line_number": 30
      }
    ],
    "tests/integration/api/test_require_scope.py": [
      {
        "type": "Secret Keyword",
        "filename": "tests/integration/api/test_require_scope.py",
        "hashed_secret": "1a91d62f7ca67399625a4368a6ab5d4a3baa6073",
        "is_verified": false,
        "line_number": 49
      }
    ],
    "tests/integration/api/test_seed_roots.py": [
      {
        "type": "Secret Keyword",
        "filename": "tests/integration/api/test_seed_roots.py",
        "hashed_secret": "1a91d62f7ca67399625a4368a6ab5d4a3baa6073",
        "is_verified": false,
        "line_number": 27
      }
    ],
    "tests/integration/api/test_stream_token_flow.py": [
      {
        "type": "Secret Keyword",
        "filename": "tests/integration/api/test_stream_token_flow.py",
        "hashed_secret": "9231c949e955ef28b8dc9a161904bfee625e4f1d",
        "is_verified": false,
        "line_number": 41
      }
    ],
    "tests/unit/api/schemas/test_mfa.py": [
      {
        "type": "Secret Keyword",
        "filename": "tests/unit/api/schemas/test_mfa.py",
        "hashed_secret": "b57fa0798cf182195d00866158f0f022ad324741",
        "is_verified": false,
        "line_number": 24
      },
      {
        "type": "Secret Keyword",
        "filename": "tests/unit/api/schemas/test_mfa.py",
        "hashed_secret": "a0f4ea7d91495df92bbac2e2149dfb850fe81396",
        "is_verified": false,
        "line_number": 38
      }
    ],
    "tests/unit/cli/test_user_create.py": [
      {
        "type": "Secret Keyword",
        "filename": "tests/unit/cli/test_user_create.py",
        "hashed_secret": "cc4ce3b41d55ae50aed86c43bfd1cde91781e565",
        "is_verified": false,
        "line_number": 63
      },
      {
        "type": "Secret Keyword",
        "filename": "tests/unit/cli/test_user_create.py",
        "hashed_secret": "289bed0325c26d04da9ba999fb6c4defd8ab76f6",
        "is_verified": false,
        "line_number": 74
      },
      {
        "type": "Secret Keyword",
        "filename": "tests/unit/cli/test_user_create.py",
        "hashed_secret": "3e1bfaffa9d9a750eeaf963da0a77ac4f7eb672f",
        "is_verified": false,
        "line_number": 131
      }
    ],
    "tests/unit/cli/test_user_reset_mfa.py": [
      {
        "type": "Secret Keyword",
        "filename": "tests/unit/cli/test_user_reset_mfa.py",
        "hashed_secret": "289bed0325c26d04da9ba999fb6c4defd8ab76f6",
        "is_verified": false,
        "line_number": 29
      },
      {
        "type": "Secret Keyword",
        "filename": "tests/unit/cli/test_user_reset_mfa.py",
        "hashed_secret": "29757995f3a65e3d473b2d1e135b5119d232507c",
        "is_verified": false,
        "line_number": 34
      }
    ],
    "tests/unit/cli/test_user_reset_password.py": [
      {
        "type": "Secret Keyword",
        "filename": "tests/unit/cli/test_user_reset_password.py",
        "hashed_secret": "289bed0325c26d04da9ba999fb6c4defd8ab76f6",
        "is_verified": false,
        "line_number": 29
      },
      {
        "type": "Secret Keyword",
        "filename": "tests/unit/cli/test_user_reset_password.py",
        "hashed_secret": "142d4c5ba7502f5f5d43c0552035d9330025ad78",
        "is_verified": false,
        "line_number": 34
      },
      {
        "type": "Secret Keyword",
        "filename": "tests/unit/cli/test_user_reset_password.py",
        "hashed_secret": "3e1bfaffa9d9a750eeaf963da0a77ac4f7eb672f",
        "is_verified": false,
        "line_number": 130
      }
    ],
    "tests/unit/cli/test_user_scopes.py": [
      {
        "type": "Secret Keyword",
        "filename": "tests/unit/cli/test_user_scopes.py",
        "hashed_secret": "289bed0325c26d04da9ba999fb6c4defd8ab76f6",
        "is_verified": false,
        "line_number": 51
      },
      {
        "type": "Secret Keyword",
        "filename": "tests/unit/cli/test_user_scopes.py",
        "hashed_secret": "29757995f3a65e3d473b2d1e135b5119d232507c",
        "is_verified": false,
        "line_number": 56
      }
    ],
    "tests/unit/contracts/test_collector_redaction.py": [
      {
        "type": "Basic Auth Credentials",
        "filename": "tests/unit/contracts/test_collector_redaction.py",
        "hashed_secret": "9d4e1e23bd5b727046a9e3b4b7db57bd8d6ee684",
        "is_verified": false,
        "line_number": 26
      }
    ],
    "tests/unit/storage/test_auth.py": [
      {
        "type": "Secret Keyword",
        "filename": "tests/unit/storage/test_auth.py",
        "hashed_secret": "c22dd47bb77cb2f411ede211f28f50b9c8c134b6",
        "is_verified": false,
        "line_number": 68
      },
      {
        "type": "Secret Keyword",
        "filename": "tests/unit/storage/test_auth.py",
        "hashed_secret": "07231459bd9aa24caa9870ce32fb02135d95bacc",
        "is_verified": false,
        "line_number": 74
      },
      {
        "type": "Secret Keyword",
        "filename": "tests/unit/storage/test_auth.py",
        "hashed_secret": "dae3fce5129a3a768fac27d961c69772f18bc96c",
        "is_verified": false,
        "line_number": 76
      },
      {
        "type": "Secret Keyword",
        "filename": "tests/unit/storage/test_auth.py",
        "hashed_secret": "a655c0fac22755e46faaef8bd7e0683de530eaab",
        "is_verified": false,
        "line_number": 359
      }
    ],
    "tests/unit/storage/test_bridge_resolution.py": [
      {
        "type": "Base64 High Entropy String",
        "filename": "tests/unit/storage/test_bridge_resolution.py",
        "hashed_secret": "5b457eba2c2d0a4a5289407bc616ee9fc5a15ef1",
        "is_verified": false,
        "line_number": 142
      }
    ]
  },
  "generated_at": "2026-06-06T07:02:56Z"
}
